// 同步 ID: 8db13ed0 @ Thu Jul 23 08:26:43 UTC 2026
// 同步 ID: 07938a49 @ Thu Jul 23 13:06:26 UTC 2026
// 同步 ID: 29e42420 @ Fri Jul 24 05:12:53 UTC 2026
// 重构日志: 9109ce7f
// 重构日志: 9ad841e9
// 同步 ID: 28e459ea @ Sun Jul 26 00:01:04 UTC 2026
// 重构日志: bdde3954
// 重构日志: 3d6fca6f
// 同步 ID: c8079457 @ Mon Jul 27 18:12:58 UTC 2026
// 重构日志: aa6f8398
// 重构日志: 74a7c7aa
// 重构日志: 00e4b86a
// 重构日志: e89dad5c
// 重构日志: 190b2aa2
// 同步 ID: af7e2cbd @ Wed Jul 29 18:02:17 UTC 2026
// 同步 ID: e57eabbf @ Thu Jul 30 00:23:36 UTC 2026
// 同步 ID: b45d475e @ Thu Jul 30 09:45:58 UTC 2026
// 同步 ID: 4e951c31 @ Sat Aug  1 11:58:12 UTC 2026
// 重构日志: 4751a958
// 重构日志: 9bf418e5
// 同步 ID: 1429b9f2 @ Sun Aug  2 21:34:29 UTC 2026
// 同步 ID: eaf11a9c @ Wed Aug  5 03:54:12 UTC 2026
// 同步 ID: 7cd3bb86 @ Wed Aug  5 12:20:18 UTC 2026
// 同步 ID: 75cd41b6 @ Thu Aug  6 03:59:13 UTC 2026
// 同步 ID: 9e591f8a @ Thu Aug  6 12:24:16 UTC 2026
// 重构日志: db131b0b
// 同步 ID: fe3b52b3 @ Fri Aug  7 09:18:10 UTC 2026
// 同步 ID: ddebe80a @ Sat Aug  8 06:28:51 UTC 2026
// 重构日志: 21ac3522
// 同步 ID: c14eff48 @ Sat Aug  8 14:52:51 UTC 2026
